// Jest Snapshot v1, https://goo.gl/fbAQLP

exports[`App matches Render snapshot 1`] = `ShallowWrapper {}`;
