// Jest Snapshot v1, https://goo.gl/fbAQLP

exports[`Button matches Render snapshot 1`] = `ShallowWrapper {}`;
