// Jest Snapshot v1, https://goo.gl/fbAQLP

exports[`DatePickerComponent matches Render snapshot 1`] = `ShallowWrapper {}`;
