// Jest Snapshot v1, https://goo.gl/fbAQLP

exports[`Dropdown matches Render snapshot 1`] = `ShallowWrapper {}`;
