// Jest Snapshot v1, https://goo.gl/fbAQLP

exports[`InputField matches Render snapshot 1`] = `ShallowWrapper {}`;
